// Jest Snapshot v1, https://goo.gl/fbAQLP

exports[`Popover renders 1`] = `
Array [
  <div
    onClick={[Function]}
    onKeyDown={[Function]}
    role="menu"
    tabIndex={-1}
  >
    <button
      className="sc-bhhwZE cZBRIl"
      onMouseEnter={[Function]}
      onMouseLeave={[Function]}
      size="medium"
    >
      Toggle Popover
      <div
        className="sc-ctDLux fNVmUG"
      />
    </button>
  </div>,
  <div
    className="box"
    tabIndex={-1}
  >
    <div
      className="sc-bcXHqe dtrQlI"
    >
      <div>
        <div
          className="p-8 space-y-4"
        >
          <h3
            className="sc-dYBPgv jyeEVT"
            size={20}
          >
            Agents
          </h3>
          <p
            className="sc-dDPqvT faTXuk"
            size={14}
          >
            Lorem ipsum dolor sit amet, consectetur adipiscing elit, sed do eiusmod tempor incididunt ut labore et dolore magna aliqua. Ut enim ad minim veniam, quis nostrud exercitation ullamco laboris nisi ut aliquip ex ea commodo consequat. Duis aute irure dolor in reprehenderit in voluptate velit esse cillum dolore eu fugiat nulla pariatur.
          </p>
        </div>
        <div
          className="sc-heFykY haJSWI"
          size="small"
        >
          <div
            className="sc-dmyOCR dfgjKL"
          >
            <div
              className="sc-eizdkD jXccZr"
            >
              <button
                className="sc-bhhwZE ifGkdb"
                onClick={[Function]}
                onMouseEnter={[Function]}
                onMouseLeave={[Function]}
                size="small"
              >
                OK
                <div
                  className="sc-ctDLux fNVmUG"
                />
              </button>
            </div>
            <div
              className="sc-eizdkD jXccZr"
            >
              <button
                className="sc-bhhwZE hBJcE"
                onClick={[Function]}
                onMouseEnter={[Function]}
                onMouseLeave={[Function]}
                size="small"
              >
                Cansel
                <div
                  className="sc-ctDLux fNVmUG"
                />
              </button>
            </div>
          </div>
          <div
            className="sc-eizdkD jXccZr"
          >
            <button
              className="sc-bhhwZE cQTBPq"
              onClick={[Function]}
              onMouseEnter={[Function]}
              onMouseLeave={[Function]}
              size="small"
            >
              Decline
              <div
                className="sc-ctDLux fNVmUG"
              />
            </button>
          </div>
        </div>
      </div>
    </div>
  </div>,
]
`;
