// Jest Snapshot v1, https://goo.gl/fbAQLP

exports[`Dialog Content renders 1`] = `
<button
<<<<<<< HEAD
  className="sc-jmhOSl bWaAcV"
=======
  className="sc-eqKtKx BuPjx"
>>>>>>> 1b794d7d29292ea9c9c441f3c26feec14606b3a2
  onClick={[Function]}
  onMouseEnter={[Function]}
  onMouseLeave={[Function]}
  size="medium"
>
  Open Dialog
  <div
    className="sc-dDaJoQ dqCRYK"
  />
</button>
`;
