// Jest Snapshot v1, https://goo.gl/fbAQLP

exports[`Linear Progress renders 1`] = `
Array [
  <div
    className="sc-ihhmKJ GA-Dxv"
  >
    <div
      className="sc-hznrA-D fRZDBG"
      value={30}
    />
    <div
      className="sc-easbae gRLPZm"
    >
      <span>
        Progress
      </span>
    </div>
  </div>,
  <div
    className="sc-ihhmKJ GA-Dxv"
  >
    <div
      className="sc-hznrA-D gapvxV"
      height={5}
      value={30}
    />
    <div
      className="sc-easbae ceyuep"
    >
      <span>
        Progress
      </span>
    </div>
  </div>,
]
`;
