// Jest Snapshot v1, https://goo.gl/fbAQLP

exports[`Tooltip renders 1`] = `
<div
  className="flex gap-20"
>
  <div
    className="sc-eLHYIy gHaLaW"
  >
    <p
      className="sc-cQIpJi llFRTU"
      size={14}
    >
      Text with font size 14
    </p>
  </div>
</div>
`;
