// Jest Snapshot v1, https://goo.gl/fbAQLP

exports[`Radiobutton API renders 1`] = `
<div
  className="flex flex-col"
>
  <h4
    className="mb-2"
  >
    Please select your age:
  </h4>
  <div
    className="mb-2"
  >
    <label
      className="sc-bvBvdO rvXKN"
      id="age1"
    >
      <div
        className="sc-iAbQMe ZZDoi"
        size="medium"
      >
        <div
          className="sc-fTOOzd fNHdNG"
        >
          0 - 30
        </div>
        <span
          className="sc-dSyEWX bRxauf"
        >
          <input
            aria-label="0 - 30"
            className="sc-dXqfbs hgoNug"
            id="age1"
            name="age"
            type="radio"
          />
          <span
            className="sc-jGoKbf jrBhKJ"
          >
            <div
              className="sc-kCuNey fDYDCr"
            />
          </span>
        </span>
      </div>
    </label>
  </div>
  <div
    className="mb-2"
  >
    <label
      className="sc-bvBvdO rvXKN"
      id="age2"
    >
      <div
        className="sc-iAbQMe ZZDoi"
        size="medium"
      >
        <div
          className="sc-fTOOzd fNHdNG"
        >
          31 - 60
        </div>
        <span
          className="sc-dSyEWX bRxauf"
        >
          <input
            aria-label="0 - 30"
            className="sc-dXqfbs hgoNug"
            id="age2"
            name="age"
            type="radio"
          />
          <span
            className="sc-jGoKbf jrBhKJ"
          >
            <div
              className="sc-kCuNey fDYDCr"
            />
          </span>
        </span>
      </div>
    </label>
  </div>
  <div
    className="mb-2"
  >
    <label
      className="sc-bvBvdO rvXKN"
      id="age3"
    >
      <div
        className="sc-iAbQMe ZZDoi"
        size="medium"
      >
        <div
          className="sc-fTOOzd fNHdNG"
        >
          31 - 60
        </div>
        <span
          className="sc-dSyEWX bRxauf"
        >
          <input
            aria-label="61 - 100"
            className="sc-dXqfbs hgoNug"
            id="age3"
            name="age"
            type="radio"
          />
          <span
            className="sc-jGoKbf jrBhKJ"
          >
            <div
              className="sc-kCuNey fDYDCr"
            />
          </span>
        </span>
      </div>
    </label>
  </div>
</div>
`;
